// Jest Snapshot v1, https://goo.gl/fbAQLP

exports[`Documentation urls should not change unexpectedly 1`] = `
Array [
  "404/index.html",
  "_jest.json",
  "_platforms/_index.json",
  "_platforms/cocoa.json",
  "_platforms/cocoa/objc.json",
  "_platforms/cocoa/swift.json",
  "_platforms/cordova.json",
  "_platforms/csharp.json",
  "_platforms/csharp/aspnetcore.json",
  "_platforms/electron.json",
  "_platforms/elixir.json",
  "_platforms/go.json",
  "_platforms/go/http.json",
  "_platforms/java.json",
  "_platforms/java/android.json",
  "_platforms/java/appengine.json",
  "_platforms/java/log4j.json",
  "_platforms/java/log4j2.json",
  "_platforms/java/logback.json",
  "_platforms/java/logging.json",
  "_platforms/javascript.json",
  "_platforms/javascript/angular.json",
  "_platforms/javascript/angularjs.json",
  "_platforms/javascript/backbone.json",
  "_platforms/javascript/browser.json",
  "_platforms/javascript/ember.json",
  "_platforms/javascript/react.json",
  "_platforms/javascript/vue.json",
  "_platforms/minidump.json",
  "_platforms/node.json",
  "_platforms/node/connect.json",
  "_platforms/node/express.json",
  "_platforms/node/koa.json",
  "_platforms/objc.json",
  "_platforms/php.json",
  "_platforms/php/laravel.json",
  "_platforms/php/monolog.json",
  "_platforms/php/symfony.json",
  "_platforms/php/symfony2.json",
  "_platforms/python.json",
  "_platforms/python/aiohttp.json",
  "_platforms/python/asgi.json",
  "_platforms/python/bottle.json",
  "_platforms/python/celery.json",
  "_platforms/python/django.json",
  "_platforms/python/falcon.json",
  "_platforms/python/flask.json",
  "_platforms/python/pylons.json",
  "_platforms/python/pyramid.json",
  "_platforms/python/pythonawslambda.json",
  "_platforms/python/pythonserverless.json",
  "_platforms/python/rq.json",
  "_platforms/python/sanic.json",
  "_platforms/python/tornado.json",
  "_platforms/python/wsgi.json",
  "_platforms/ruby.json",
  "_platforms/ruby/rack.json",
  "_platforms/ruby/rails.json",
  "_platforms/rust.json",
  "accounts/membership/index.html",
  "accounts/pricing/index.html",
  "accounts/quotas/index.html",
  "accounts/require-2fa/index.html",
  "accounts/saml2/index.html",
  "accounts/sso/index.html",
  "api/auth/index.html",
  "api/events/delete-group-details/index.html",
  "api/events/delete-project-group-index/index.html",
  "api/events/get-group-details/index.html",
  "api/events/get-group-events-latest/index.html",
  "api/events/get-group-events-oldest/index.html",
  "api/events/get-group-events/index.html",
  "api/events/get-group-hashes/index.html",
  "api/events/get-group-tag-key-details/index.html",
  "api/events/get-group-tag-key-values/index.html",
  "api/events/get-project-event-details/index.html",
  "api/events/get-project-events/index.html",
  "api/events/get-project-group-index/index.html",
  "api/events/index.html",
  "api/events/put-group-details/index.html",
  "api/events/put-project-group-index/index.html",
  "api/index.html",
  "api/organizations/delete-organization-details/index.html",
  "api/organizations/get-event-id-lookup/index.html",
  "api/organizations/get-organization-details/index.html",
  "api/organizations/get-organization-index/index.html",
  "api/organizations/get-organization-projects/index.html",
  "api/organizations/get-organization-repositories/index.html",
  "api/organizations/get-organization-repository-commits/index.html",
  "api/organizations/get-organization-stats/index.html",
  "api/organizations/get-short-id-lookup/index.html",
  "api/organizations/index.html",
  "api/organizations/post-organization-index/index.html",
  "api/organizations/put-organization-details/index.html",
  "api/pagination/index.html",
  "api/permissions/index.html",
  "api/projects/delete-debug-files/index.html",
  "api/projects/delete-project-details/index.html",
  "api/projects/delete-project-key-details/index.html",
  "api/projects/delete-project-service-hook-details/index.html",
  "api/projects/get-debug-files/index.html",
  "api/projects/get-project-details/index.html",
  "api/projects/get-project-index/index.html",
  "api/projects/get-project-keys/index.html",
  "api/projects/get-project-service-hook-details/index.html",
  "api/projects/get-project-service-hooks/index.html",
  "api/projects/get-project-stats/index.html",
  "api/projects/get-project-tag-key-values/index.html",
  "api/projects/get-project-user-reports/index.html",
  "api/projects/get-project-users/index.html",
  "api/projects/index.html",
  "api/projects/post-debug-files/index.html",
  "api/projects/post-project-keys/index.html",
  "api/projects/post-project-service-hooks/index.html",
  "api/projects/post-project-user-reports/index.html",
  "api/projects/put-project-details/index.html",
  "api/projects/put-project-key-details/index.html",
  "api/projects/put-project-service-hook-details/index.html",
  "api/releases/delete-organization-release-details/index.html",
  "api/releases/delete-organization-release-file-details/index.html",
  "api/releases/delete-project-release-file-details/index.html",
  "api/releases/get-commit-file-change/index.html",
  "api/releases/get-organization-release-commits/index.html",
  "api/releases/get-organization-release-details/index.html",
  "api/releases/get-organization-release-file-details/index.html",
  "api/releases/get-organization-release-files/index.html",
  "api/releases/get-organization-releases/index.html",
  "api/releases/get-project-issues-resolved-in-release/index.html",
  "api/releases/get-project-release-commits/index.html",
  "api/releases/get-project-release-file-details/index.html",
  "api/releases/get-project-release-files/index.html",
  "api/releases/get-release-deploys/index.html",
  "api/releases/index.html",
  "api/releases/post-organization-release-files/index.html",
  "api/releases/post-organization-releases/index.html",
  "api/releases/post-project-release-files/index.html",
  "api/releases/post-release-deploys/index.html",
  "api/releases/put-organization-release-details/index.html",
  "api/releases/put-organization-release-file-details/index.html",
  "api/releases/put-project-release-file-details/index.html",
  "api/requests/index.html",
  "api/teams/delete-team-details/index.html",
  "api/teams/get-organization-teams/index.html",
  "api/teams/get-team-details/index.html",
  "api/teams/get-team-projects/index.html",
  "api/teams/get-team-stats/index.html",
  "api/teams/index.html",
  "api/teams/post-organization-teams/index.html",
  "api/teams/post-team-projects/index.html",
  "api/teams/put-team-details/index.html",
  "cli/configuration/index.html",
  "cli/dif/breakpad/index.html",
  "cli/dif/dsym/index.html",
  "cli/dif/elf/index.html",
  "cli/dif/index.html",
  "cli/dif/pdb/index.html",
  "cli/dif/proguard/index.html",
  "cli/index.html",
  "cli/installation/index.html",
  "cli/releases/index.html",
  "cli/send-event/index.html",
  "clients/cocoa/advanced/index.html",
  "clients/cocoa/dsym/index.html",
  "clients/cocoa/index.html",
  "clients/cocoa/migration/index.html",
  "clients/csharp/index.html",
  "clients/elixir/config/index.html",
  "clients/elixir/index.html",
  "clients/elixir/plug/index.html",
  "clients/elixir/usage/index.html",
  "clients/go/config/index.html",
  "clients/go/context/index.html",
  "clients/go/index.html",
  "clients/go/integrations/index.html",
  "clients/go/usage/index.html",
  "clients/index.html",
  "clients/java/agent/index.html",
  "clients/java/config/index.html",
  "clients/java/context/index.html",
  "clients/java/index.html",
  "clients/java/integrations/index.html",
  "clients/java/migration/index.html",
  "clients/java/usage/index.html",
  "clients/javascript/config/index.html",
  "clients/javascript/index.html",
  "clients/javascript/install/index.html",
  "clients/javascript/integrations/index.html",
  "clients/javascript/sourcemaps/index.html",
  "clients/javascript/tips/index.html",
  "clients/javascript/usage/index.html",
  "clients/node/coffeescript/index.html",
  "clients/node/config/index.html",
  "clients/node/index.html",
  "clients/node/integrations/index.html",
  "clients/node/sourcemaps/index.html",
  "clients/node/typescript/index.html",
  "clients/node/usage/index.html",
  "clients/perl/index.html",
  "clients/php/config/index.html",
  "clients/php/index.html",
  "clients/php/integrations/index.html",
  "clients/php/usage/index.html",
  "clients/python/advanced/index.html",
  "clients/python/api/index.html",
  "clients/python/breadcrumbs/index.html",
  "clients/python/index.html",
  "clients/python/integrations/index.html",
  "clients/python/platform-support/index.html",
  "clients/python/transports/index.html",
  "clients/python/usage/index.html",
  "clients/react-native/cocoapods/index.html",
  "clients/react-native/codepush/index.html",
  "clients/react-native/config/index.html",
  "clients/react-native/expo/index.html",
  "clients/react-native/index.html",
  "clients/react-native/manual-setup/index.html",
  "clients/react-native/ram-bundles/index.html",
  "clients/react-native/sourcemaps/index.html",
  "clients/ruby/breadcrumbs/index.html",
  "clients/ruby/config/index.html",
  "clients/ruby/context/index.html",
  "clients/ruby/index.html",
  "clients/ruby/install/index.html",
  "clients/ruby/integrations/index.html",
  "clients/ruby/processors/index.html",
  "clients/ruby/usage/index.html",
  "collections/_dev_components/includes/alert/index.html",
  "collections/_dev_components/includes/platform-content/index.html",
  "collections/_dev_components/includes/user-content/index.html",
  "collections/_dev_components/markdown-styleguide/links/index.html",
  "collections/_dev_components/tags/version-added/index.html",
  "data-management/data-forwarding/index.html",
  "data-management/rollups/index.html",
  "data-management/sensitive-data/index.html",
  "development/contribute/api/index.html",
  "development/contribute/contributing/index.html",
  "development/contribute/docs/index.html",
  "development/contribute/environment/index.html",
  "development/index.html",
  "development/sdk-dev/attributes/index.html",
  "development/sdk-dev/data-handling/index.html",
  "development/sdk-dev/features/index.html",
  "development/sdk-dev/index.html",
  "development/sdk-dev/interfaces/index.html",
  "development/sdk-dev/overview/index.html",
  "development/sdk-dev/unified-api/index.html",
  "enriching-error-data/breadcrumbs/index.html",
  "enriching-error-data/context/index.html",
  "enriching-error-data/environments/index.html",
  "enriching-error-data/scopes/index.html",
  "enriching-error-data/tracing/index.html",
  "enriching-error-data/user-feedback/index.html",
  "error-reporting/capturing/index.html",
  "error-reporting/configuration/draining/index.html",
  "error-reporting/configuration/filtering/index.html",
  "error-reporting/configuration/index.html",
  "error-reporting/quickstart/index.html",
  "error-reporting/security-policy-reporting/index.html",
  "history/index.html",
  "includes/alert/index.html",
  "includes/platform-content/index.html",
  "includes/user-content/index.html",
  "index.html",
  "ip-ranges/index.html",
  "license/index.html",
  "markdown-styleguide/links/index.html",
  "platforms/dotnet/aspnetcore/index.html",
  "platforms/dotnet/entityframework/index.html",
  "platforms/dotnet/index.html",
  "platforms/dotnet/log4net/index.html",
  "platforms/dotnet/microsoft-extensions-logging/index.html",
  "platforms/dotnet/nlog/index.html",
  "platforms/dotnet/serilog/index.html",
  "platforms/go/config/index.html",
  "platforms/go/echo/index.html",
  "platforms/go/fasthttp/index.html",
  "platforms/go/gin/index.html",
  "platforms/go/goroutines/index.html",
  "platforms/go/http/index.html",
  "platforms/go/index.html",
  "platforms/go/integrations/index.html",
  "platforms/go/iris/index.html",
  "platforms/go/martini/index.html",
  "platforms/go/migration/index.html",
  "platforms/go/negroni/index.html",
  "platforms/go/serverless/index.html",
  "platforms/go/transports/index.html",
  "platforms/index.html",
  "platforms/javascript/advance-settings/index.html",
  "platforms/javascript/angular/index.html",
  "platforms/javascript/cordova/index.html",
  "platforms/javascript/electron/index.html",
  "platforms/javascript/ember/index.html",
  "platforms/javascript/index.html",
  "platforms/javascript/ionic/index.html",
  "platforms/javascript/react/index.html",
  "platforms/javascript/sentry-testkit/index.html",
  "platforms/javascript/sourcemaps/index.html",
  "platforms/javascript/vue/index.html",
  "platforms/minidump/breakpad/index.html",
  "platforms/minidump/crashpad/index.html",
  "platforms/minidump/index.html",
  "platforms/node/connect/index.html",
  "platforms/node/default-integrations/index.html",
  "platforms/node/express/index.html",
  "platforms/node/index.html",
  "platforms/node/koa/index.html",
  "platforms/node/pluggable-integrations/index.html",
  "platforms/node/sourcemaps/index.html",
  "platforms/node/typescript/index.html",
  "platforms/php/default-integrations/index.html",
  "platforms/php/index.html",
  "platforms/php/laravel/index.html",
  "platforms/php/symfony/index.html",
  "platforms/python/aiohttp/index.html",
  "platforms/python/asgi/index.html",
  "platforms/python/aws_lambda/index.html",
  "platforms/python/bottle/index.html",
  "platforms/python/celery/index.html",
  "platforms/python/default-integrations/index.html",
  "platforms/python/django/index.html",
  "platforms/python/falcon/index.html",
  "platforms/python/flask/index.html",
  "platforms/python/gnu_backtrace/index.html",
  "platforms/python/index.html",
  "platforms/python/logging/index.html",
  "platforms/python/pyramid/index.html",
  "platforms/python/redis/index.html",
  "platforms/python/rq/index.html",
  "platforms/python/sanic/index.html",
  "platforms/python/serverless/index.html",
  "platforms/python/tornado/index.html",
  "platforms/python/wsgi/index.html",
  "platforms/rust/actix/index.html",
  "platforms/rust/env_logger/index.html",
  "platforms/rust/error_chain/index.html",
  "platforms/rust/failure/index.html",
  "platforms/rust/index.html",
  "platforms/rust/log/index.html",
  "platforms/rust/panic/index.html",
  "platforms/unrealengine/index.html",
  "project-resources/index.html",
  "server/beacon/index.html",
  "server/buffer/index.html",
  "server/changelog/index.html",
  "server/cli/cleanup/index.html",
  "server/cli/config/delete/index.html",
  "server/cli/config/discover/index.html",
  "server/cli/config/generate-secret-key/index.html",
  "server/cli/config/get/index.html",
  "server/cli/config/index.html",
  "server/cli/config/list/index.html",
  "server/cli/config/set/index.html",
  "server/cli/createuser/index.html",
  "server/cli/devserver/index.html",
  "server/cli/django/index.html",
  "server/cli/exec/index.html",
  "server/cli/export/index.html",
  "server/cli/files/get/index.html",
  "server/cli/files/index.html",
  "server/cli/files/info/index.html",
  "server/cli/help/index.html",
  "server/cli/import/index.html",
  "server/cli/index.html",
  "server/cli/init/index.html",
  "server/cli/permissions/add/index.html",
  "server/cli/permissions/index.html",
  "server/cli/permissions/list/index.html",
  "server/cli/permissions/remove/index.html",
  "server/cli/plugins/index.html",
  "server/cli/plugins/list/index.html",
  "server/cli/queues/index.html",
  "server/cli/queues/list/index.html",
  "server/cli/queues/purge/index.html",
  "server/cli/repair/index.html",
  "server/cli/run/cron/index.html",
  "server/cli/run/index.html",
  "server/cli/run/smtp/index.html",
  "server/cli/run/web/index.html",
  "server/cli/run/worker/index.html",
  "server/cli/shell/index.html",
  "server/cli/start/index.html",
  "server/cli/tsdb/index.html",
  "server/cli/tsdb/query/index.html",
  "server/cli/tsdb/query/organizations/index.html",
  "server/cli/upgrade/index.html",
  "server/config/index.html",
  "server/digests/index.html",
  "server/faq/index.html",
  "server/filestore/index.html",
  "server/inbound-mail/index.html",
  "server/index.html",
  "server/installation/docker/index.html",
  "server/installation/index.html",
  "server/installation/python/index.html",
  "server/integrations/github/index.html",
  "server/integrations/index.html",
  "server/internal-metrics/index.html",
  "server/monitoring/index.html",
  "server/nginx/index.html",
  "server/nodestore/index.html",
  "server/performance/index.html",
  "server/plugins/index.html",
  "server/queue/index.html",
  "server/sso/index.html",
  "server/throttling/index.html",
  "server/tsdb/index.html",
  "server/upgrading/index.html",
  "server/warnings/index.html",
  "sitemap.xml",
  "ssl/index.html",
  "support/index.html",
  "tags/version-added/index.html",
  "workflow/discover/index.html",
  "workflow/integrations/global-integrations/index.html",
  "workflow/integrations/index.html",
  "workflow/integrations/integration-platform/index.html",
  "workflow/integrations/integration-platform/ui-components/index.html",
  "workflow/integrations/legacy-integrations/index.html",
  "workflow/issue-owners/index.html",
  "workflow/notifications/alerts/index.html",
  "workflow/notifications/index.html",
  "workflow/notifications/notification-management/index.html",
  "workflow/notifications/workflow/index.html",
  "workflow/releases/index.html",
  "workflow/search/index.html",
  "workflow/visibility/index.html",
]
`;
