// Jest Snapshot v1, https://goo.gl/fbAQLP

exports[`ConfigKey renders correctly 1`] = `
<h3>
  <code />
</h3>
`;
